
=== C-scan U-Net (50-slice) — unfiltered ===
  1: n_gt=2 F1=1.000 P=1.000 R=1.000
  2: n_gt=3 F1=0.800 P=1.000 R=0.667
  3: n_gt=4 F1=0.400 P=1.000 R=0.250
  4: n_gt=4 F1=0.857 P=1.000 R=0.750
  5: n_gt=9 F1=0.714 P=1.000 R=0.556
  6: n_gt=3 F1=0.500 P=1.000 R=0.333
  7: n_gt=19 F1=0.100 P=1.000 R=0.053
  8: n_gt=3 F1=0.800 P=1.000 R=0.667
  9: n_gt=4 F1=0.400 P=1.000 R=0.250
  11: n_gt=21 F1=0.091 P=1.000 R=0.048
  12: n_gt=10 F1=0.462 P=1.000 R=0.300
  13: n_gt=6 F1=0.500 P=1.000 R=0.333
  15: n_gt=2 F1=0.667 P=1.000 R=0.500

=== C-scan U-Net (50-slice) — band-pass ===
  1: n_gt=2 F1=1.000 P=1.000 R=1.000
  2: n_gt=3 F1=0.500 P=1.000 R=0.333
  3: n_gt=4 F1=0.400 P=1.000 R=0.250
  4: n_gt=4 F1=0.857 P=1.000 R=0.750
  5: n_gt=9 F1=0.875 P=1.000 R=0.778
  6: n_gt=3 F1=0.800 P=1.000 R=0.667
  7: n_gt=19 F1=0.100 P=1.000 R=0.053
  8: n_gt=3 F1=0.800 P=1.000 R=0.667
  9: n_gt=4 F1=0.667 P=1.000 R=0.500
  11: n_gt=21 F1=0.091 P=1.000 R=0.048
  12: n_gt=10 F1=0.571 P=1.000 R=0.400
  13: n_gt=6 F1=0.667 P=1.000 R=0.500
  15: n_gt=2 F1=0.667 P=1.000 R=0.500

============================================================
C-scan U-Net (50-slice) — band-pass vs unfiltered (per-blob)
============================================================
run                 F1       P       R   n
unfiltered       0.561   1.000   0.439  13
band-pass        0.615   1.000   0.496  13
Δ (bp−unf)      +0.054

Saved: runs/unet_bilstm/eval_cscan_bp.json
NOTE: 50-slice resolution; absolute F1 is below the 0.437 (2050-slice pseudo) headline.
