device=mps  split TRAIN=['1', '2', '3', '4', '5', '6', '7', '8', '9', '10', '12', '15'] VAL=['11', '13']
train items=120000  val items=20000
train void fraction=0.0288  → pos_weight=20.0 (raw 33.7, capped at 20.0)
model params=1,051,953  bilstm=ON  loss=dice_bce
epoch   1/40  loss 0.6749  valF1 0.135  valDice 0.139  P 0.073 R 0.865  [3.8 min]
epoch   2/40  loss 0.5588  valF1 0.346  valDice 0.287  P 0.226 R 0.743  [7.7 min]
epoch   3/40  loss 0.4284  valF1 0.278  valDice 0.233  P 0.173 R 0.711  [11.6 min]
epoch   4/40  loss 0.3714  valF1 0.353  valDice 0.299  P 0.237 R 0.688  [15.4 min]
epoch   5/40  loss 0.3472  valF1 0.387  valDice 0.321  P 0.291 R 0.575  [18.9 min]
epoch   6/40  loss 0.3342  valF1 0.244  valDice 0.230  P 0.147 R 0.725  [22.5 min]
epoch   7/40  loss 0.3188  valF1 0.261  valDice 0.247  P 0.157 R 0.789  [26.3 min]
epoch   8/40  loss 0.3156  valF1 0.353  valDice 0.325  P 0.242 R 0.651  [29.8 min]
epoch   9/40  loss 0.2987  valF1 0.249  valDice 0.224  P 0.159 R 0.565  [33.4 min]
epoch  10/40  loss 0.2929  valF1 0.314  valDice 0.302  P 0.204 R 0.678  [36.9 min]
epoch  11/40  loss 0.2849  valF1 0.328  valDice 0.303  P 0.236 R 0.539  [54.6 min]
epoch  12/40  loss 0.2780  valF1 0.346  valDice 0.309  P 0.244 R 0.594  [58.2 min]
epoch  13/40  loss 0.2660  valF1 0.329  valDice 0.306  P 0.221 R 0.641  [61.8 min]
epoch  14/40  loss 0.2616  valF1 0.356  valDice 0.344  P 0.241 R 0.679  [65.4 min]
epoch  15/40  loss 0.2530  valF1 0.345  valDice 0.324  P 0.231 R 0.679  [69.0 min]
epoch  16/40  loss 0.2452  valF1 0.374  valDice 0.346  P 0.274 R 0.587  [72.5 min]
epoch  17/40  loss 0.2397  valF1 0.346  valDice 0.332  P 0.230 R 0.693  [76.3 min]
epoch  18/40  loss 0.2324  valF1 0.387  valDice 0.358  P 0.299 R 0.548  [86.0 min]
epoch  19/40  loss 0.2263  valF1 0.360  valDice 0.339  P 0.250 R 0.647  [89.6 min]
epoch  20/40  loss 0.2205  valF1 0.376  valDice 0.361  P 0.295 R 0.519  [92.8 min]
epoch  21/40  loss 0.2173  valF1 0.367  valDice 0.349  P 0.271 R 0.568  [96.0 min]
epoch  22/40  loss 0.2091  valF1 0.355  valDice 0.336  P 0.253 R 0.598  [99.0 min]
epoch  23/40  loss 0.2039  valF1 0.341  valDice 0.335  P 0.231 R 0.651  [101.9 min]
epoch  24/40  loss 0.1993  valF1 0.378  valDice 0.360  P 0.290 R 0.543  [104.8 min]
epoch  25/40  loss 0.1961  valF1 0.383  valDice 0.371  P 0.296 R 0.541  [107.8 min]
epoch  26/40  loss 0.1891  valF1 0.397  valDice 0.384  P 0.299 R 0.590  [110.7 min]
epoch  27/40  loss 0.1853  valF1 0.381  valDice 0.369  P 0.282 R 0.587  [113.5 min]
epoch  28/40  loss 0.1790  valF1 0.381  valDice 0.370  P 0.296 R 0.535  [116.2 min]
epoch  29/40  loss 0.1775  valF1 0.378  valDice 0.368  P 0.276 R 0.598  [118.9 min]
epoch  30/40  loss 0.1736  valF1 0.375  valDice 0.366  P 0.283 R 0.557  [121.8 min]
epoch  31/40  loss 0.1708  valF1 0.383  valDice 0.371  P 0.295 R 0.545  [124.6 min]
epoch  32/40  loss 0.1672  valF1 0.390  valDice 0.380  P 0.305 R 0.543  [127.4 min]
epoch  33/40  loss 0.1640  valF1 0.389  valDice 0.376  P 0.308 R 0.528  [130.2 min]
epoch  34/40  loss 0.1620  valF1 0.382  valDice 0.372  P 0.292 R 0.553  [133.0 min]
epoch  35/40  loss 0.1592  valF1 0.392  valDice 0.381  P 0.302 R 0.557  [135.9 min]
epoch  36/40  loss 0.1580  valF1 0.398  valDice 0.385  P 0.317 R 0.533  [138.7 min]
epoch  37/40  loss 0.1561  valF1 0.395  valDice 0.384  P 0.315 R 0.530  [141.6 min]
epoch  38/40  loss 0.1556  valF1 0.395  valDice 0.382  P 0.317 R 0.522  [144.4 min]
epoch  39/40  loss 0.1551  valF1 0.398  valDice 0.387  P 0.318 R 0.532  [147.2 min]
epoch  40/40  loss 0.1548  valF1 0.399  valDice 0.388  P 0.318 R 0.533  [150.1 min]

Done. best val per-point F1 = 0.399  → runs/unet_bilstm/unet_bilstm_best.pt
metrics: runs/unet_bilstm/metrics.jsonl   curves: runs/unet_bilstm/curves.png
