############ EPOCHS=30 ############

===== ARM A: UNFILTERED baseline (reuse existing cache) =====

Train: 120000 A-scans  (31280 XY void = 26.1%, 169118 void voxels = 2.8%)
Val  : 20000 A-scans across ['11', '13']
Model: AScanCNN (depth-aware), 108,082 params, device=mps
──────────────────────────────────────────────────────────────────────────────────────────
  Epoch   1/30 | train loss 0.3683  F1_3D 0.346 | val loss 0.5869  F1_3D 0.028  P 0.468  R 0.014 | 0.7 min
  Epoch   2/30 | train loss 0.2845  F1_3D 0.438 | val loss 0.4967  F1_3D 0.229  P 0.260  R 0.205 | 1.5 min
  Epoch   3/30 | train loss 0.2673  F1_3D 0.452 | val loss 0.8779  F1_3D 0.024  P 0.029  R 0.020 | 2.2 min
  Epoch   4/30 | train loss 0.2560  F1_3D 0.463 | val loss 0.4758  F1_3D 0.270  P 0.205  R 0.395 | 3.0 min
  Epoch   5/30 | train loss 0.2439  F1_3D 0.480 | val loss 0.6921  F1_3D 0.161  P 0.091  R 0.746 | 3.7 min
  Epoch   6/30 | train loss 0.2371  F1_3D 0.489 | val loss 0.8267  F1_3D 0.134  P 0.122  R 0.149 | 4.5 min
  Epoch   7/30 | train loss 0.2297  F1_3D 0.499 | val loss 0.5722  F1_3D 0.230  P 0.200  R 0.271 | 5.2 min
  Epoch   8/30 | train loss 0.2231  F1_3D 0.510 | val loss 0.5720  F1_3D 0.193  P 0.112  R 0.701 | 5.9 min
  Epoch   9/30 | train loss 0.2183  F1_3D 0.514 | val loss 0.5351  F1_3D 0.318  P 0.227  R 0.533 | 6.6 min
  Epoch  10/30 | train loss 0.2128  F1_3D 0.524 | val loss 0.6575  F1_3D 0.263  P 0.256  R 0.270 | 7.4 min
  Epoch  11/30 | train loss 0.2094  F1_3D 0.528 | val loss 0.6924  F1_3D 0.267  P 0.248  R 0.290 | 8.1 min
  Epoch  12/30 | train loss 0.2045  F1_3D 0.534 | val loss 0.8716  F1_3D 0.181  P 0.210  R 0.159 | 8.8 min
  Epoch  13/30 | train loss 0.2021  F1_3D 0.536 | val loss 0.5724  F1_3D 0.285  P 0.207  R 0.460 | 9.5 min
  Epoch  14/30 | train loss 0.1978  F1_3D 0.545 | val loss 0.8109  F1_3D 0.100  P 0.062  R 0.257 | 10.2 min
  Epoch  15/30 | train loss 0.1960  F1_3D 0.546 | val loss 0.7229  F1_3D 0.185  P 0.151  R 0.238 | 11.0 min
  Epoch  16/30 | train loss 0.1935  F1_3D 0.551 | val loss 0.7083  F1_3D 0.275  P 0.321  R 0.240 | 11.7 min
  Epoch  17/30 | train loss 0.1899  F1_3D 0.556 | val loss 0.7518  F1_3D 0.199  P 0.157  R 0.273 | 12.4 min
  Epoch  18/30 | train loss 0.1885  F1_3D 0.558 | val loss 0.7679  F1_3D 0.155  P 0.124  R 0.207 | 13.1 min
  Epoch  19/30 | train loss 0.1862  F1_3D 0.562 | val loss 0.6920  F1_3D 0.181  P 0.114  R 0.446 | 13.8 min
  Epoch  20/30 | train loss 0.1847  F1_3D 0.564 | val loss 0.8606  F1_3D 0.225  P 0.261  R 0.198 | 14.6 min
  Epoch  21/30 | train loss 0.1823  F1_3D 0.567 | val loss 0.6984  F1_3D 0.290  P 0.269  R 0.313 | 15.3 min
  Epoch  22/30 | train loss 0.1804  F1_3D 0.571 | val loss 0.9359  F1_3D 0.208  P 0.260  R 0.174 | 16.0 min
  Epoch  23/30 | train loss 0.1791  F1_3D 0.573 | val loss 0.6990  F1_3D 0.264  P 0.254  R 0.275 | 16.8 min
  Epoch  24/30 | train loss 0.1778  F1_3D 0.576 | val loss 0.6803  F1_3D 0.258  P 0.217  R 0.319 | 17.4 min
  Epoch  25/30 | train loss 0.1765  F1_3D 0.577 | val loss 0.6494  F1_3D 0.305  P 0.274  R 0.345 | 35.1 min
  Epoch  26/30 | train loss 0.1755  F1_3D 0.580 | val loss 0.7647  F1_3D 0.236  P 0.225  R 0.248 | 50.9 min
  Epoch  27/30 | train loss 0.1756  F1_3D 0.580 | val loss 0.6163  F1_3D 0.294  P 0.229  R 0.413 | 51.5 min
  Epoch  28/30 | train loss 0.1748  F1_3D 0.581 | val loss 0.6635  F1_3D 0.278  P 0.236  R 0.338 | 68.1 min
  Epoch  29/30 | train loss 0.1736  F1_3D 0.584 | val loss 0.6544  F1_3D 0.282  P 0.243  R 0.335 | 84.8 min
  Epoch  30/30 | train loss 0.1742  F1_3D 0.582 | val loss 0.6469  F1_3D 0.277  P 0.231  R 0.347 | 85.4 min
──────────────────────────────────────────────────────────────────────────────────────────
Best val F1_3D: 0.318  →  saved results_v2_atlanta2/ascan_classifier/ascan_cnn_depth_nofilt.pt
Saved: results_v2_atlanta2/ascan_classifier/training_curves_depth_nofilt.png
Model loaded: epoch 9

── atlanta2 (train/val/no-void) ──
sample   split   F1_3D   F1_2D  F1_STL   P_3D   R_3D
     1   TRAIN   0.626   0.877   0.775  0.483  0.889
     2   TRAIN   0.019   0.176   0.090  0.010  0.204
     3   TRAIN   0.297   0.374   0.081  0.175  0.996
     4   TRAIN   0.670   0.798   0.560  0.576  0.800
     5   TRAIN   0.066   0.467   0.189  0.068  0.064
     6   TRAIN   0.121   0.220   0.123  0.087  0.196
     7   TRAIN   0.242   0.425   0.238  0.194  0.321
     8   TRAIN   0.525   0.691   0.195  0.420  0.700
     9   TRAIN   0.506   0.746   0.678  0.364  0.830
    10   TRAIN   0.000   0.000   0.349  0.000  0.000
    12   TRAIN   0.381   0.624   0.392  0.260  0.716
    15   TRAIN   0.395   0.679   0.182  0.305  0.559
    11     VAL   0.311   0.547   0.387  0.233  0.466
    13     VAL   0.326   0.663   0.327  0.220  0.630
    14  NOVOID   0.000   0.000   0.000  0.000  0.000

── aggregate ──
        TRAIN  F1_3D=0.321  F1_2D=0.506  F1_STL=0.321  (n=12)
          VAL  F1_3D=0.318  F1_2D=0.605  F1_STL=0.357  (n=2)

Saved: results_v2_atlanta2/ascan_classifier/summary_depth_nofilt.json

===== ARM B: BAND-PASS 0.1-2.5 THz (rebuild filtered cache) =====
Loading atlanta2 tprj…
  ✓ 1: (2050, 151, 151)
  ✓ 10: (2050, 151, 151)
  ✓ 11: (2050, 151, 151)
  ✓ 12: (2050, 151, 151)
  ✓ 13: (2050, 151, 151)
  ✓ 14: (2050, 151, 151)
  ✓ 15: (2050, 151, 151)
  ✓ 2: (2050, 151, 151)
  ✓ 3: (2050, 151, 151)
  ✓ 4: (2050, 151, 151)
  ✓ 5: (2050, 151, 151)
  ✓ 7: (2050, 151, 151)
  ✓ 8: (2050, 151, 151)
  ✓ 9: (2050, 151, 151)
  ✓ sample 6: (2050, 151, 152)  dy=0.200 dx=0.200 mm
  ✓ 1  ascans=(10000, 2050)  void_pix_2d=4684  void_voxels_3d=37982  in 5.2s
  ✓ 10  ascans=(10000, 2050)  void_pix_2d=0  void_voxels_3d=0  in 5.1s
  ✓ 11  ascans=(10000, 2050)  void_pix_2d=4012  void_voxels_3d=19297  in 5.1s
  ✓ 12  ascans=(10000, 2050)  void_pix_2d=4087  void_voxels_3d=16560  in 5.1s
  ✓ 13  ascans=(10000, 2050)  void_pix_2d=3439  void_voxels_3d=13123  in 5.1s
  ✓ 14  ascans=(10000, 2050)  void_pix_2d=0  void_voxels_3d=0  in 5.0s
  ✓ 15  ascans=(10000, 2050)  void_pix_2d=2533  void_voxels_3d=19422  in 5.1s
  ✓ 2  ascans=(10000, 2050)  void_pix_2d=551  void_voxels_3d=914  in 5.1s
  ✓ 3  ascans=(10000, 2050)  void_pix_2d=882  void_voxels_3d=4765  in 5.1s
  ✓ 4  ascans=(10000, 2050)  void_pix_2d=4728  void_voxels_3d=34073  in 5.1s
  ✓ 5  ascans=(10000, 2050)  void_pix_2d=4211  void_voxels_3d=9808  in 5.0s
  ✓ 7  ascans=(10000, 2050)  void_pix_2d=938  void_voxels_3d=3437  in 5.0s
  ✓ 8  ascans=(10000, 2050)  void_pix_2d=3564  void_voxels_3d=18963  in 5.0s
  ✓ 9  ascans=(10000, 2050)  void_pix_2d=4005  void_voxels_3d=20612  in 5.1s
  ✓ 6  ascans=(10000, 2050)  void_pix_2d=1097  void_voxels_3d=2582  in 1026.8s

Cache written to ascan_cache_atlanta2_bp/

Train: 120000 A-scans  (31280 XY void = 26.1%, 169118 void voxels = 2.8%)
Val  : 20000 A-scans across ['11', '13']
Model: AScanCNN (depth-aware), 108,082 params, device=mps
──────────────────────────────────────────────────────────────────────────────────────────
  Epoch   1/30 | train loss 0.4739  F1_3D 0.037 | val loss 0.5933  F1_3D 0.000  P 0.012  R 0.000 | 16.0 min
  Epoch   2/30 | train loss 0.4268  F1_3D 0.184 | val loss 0.5735  F1_3D 0.074  P 0.076  R 0.072 | 16.6 min
  Epoch   3/30 | train loss 0.3861  F1_3D 0.289 | val loss 0.5743  F1_3D 0.092  P 0.080  R 0.109 | 25.5 min
  Epoch   4/30 | train loss 0.3516  F1_3D 0.327 | val loss 0.5399  F1_3D 0.169  P 0.136  R 0.224 | 76.4 min
  Epoch   5/30 | train loss 0.3305  F1_3D 0.343 | val loss 0.5173  F1_3D 0.168  P 0.126  R 0.252 | 109.9 min
  Epoch   6/30 | train loss 0.3144  F1_3D 0.353 | val loss 0.5499  F1_3D 0.162  P 0.118  R 0.261 | 119.9 min
  Epoch   7/30 | train loss 0.3038  F1_3D 0.364 | val loss 0.6940  F1_3D 0.078  P 0.077  R 0.078 | 120.6 min
  Epoch   8/30 | train loss 0.2939  F1_3D 0.377 | val loss 0.5364  F1_3D 0.221  P 0.146  R 0.448 | 121.4 min
  Epoch   9/30 | train loss 0.2848  F1_3D 0.393 | val loss 0.6044  F1_3D 0.156  P 0.147  R 0.166 | 122.1 min
  Epoch  10/30 | train loss 0.2775  F1_3D 0.402 | val loss 0.5467  F1_3D 0.205  P 0.133  R 0.449 | 129.0 min
  Epoch  11/30 | train loss 0.2703  F1_3D 0.415 | val loss 0.7213  F1_3D 0.085  P 0.094  R 0.078 | 136.5 min
  Epoch  12/30 | train loss 0.2640  F1_3D 0.425 | val loss 0.6173  F1_3D 0.185  P 0.129  R 0.324 | 137.2 min
  Epoch  13/30 | train loss 0.2587  F1_3D 0.434 | val loss 0.6038  F1_3D 0.215  P 0.139  R 0.478 | 137.9 min
  Epoch  14/30 | train loss 0.2520  F1_3D 0.444 | val loss 0.6607  F1_3D 0.192  P 0.157  R 0.247 | 138.5 min
  Epoch  15/30 | train loss 0.2502  F1_3D 0.445 | val loss 0.8477  F1_3D 0.124  P 0.186  R 0.093 | 139.2 min
  Epoch  16/30 | train loss 0.2453  F1_3D 0.454 | val loss 0.7197  F1_3D 0.156  P 0.131  R 0.193 | 139.8 min
  Epoch  17/30 | train loss 0.2421  F1_3D 0.458 | val loss 0.7294  F1_3D 0.177  P 0.167  R 0.189 | 140.4 min
  Epoch  18/30 | train loss 0.2384  F1_3D 0.465 | val loss 0.7528  F1_3D 0.168  P 0.186  R 0.153 | 141.1 min
  Epoch  19/30 | train loss 0.2359  F1_3D 0.468 | val loss 0.7244  F1_3D 0.194  P 0.152  R 0.265 | 141.7 min
  Epoch  20/30 | train loss 0.2327  F1_3D 0.473 | val loss 0.7229  F1_3D 0.176  P 0.136  R 0.250 | 142.3 min
  Epoch  21/30 | train loss 0.2304  F1_3D 0.478 | val loss 1.1028  F1_3D 0.093  P 0.200  R 0.060 | 142.9 min
  Epoch  22/30 | train loss 0.2268  F1_3D 0.483 | val loss 0.9725  F1_3D 0.120  P 0.204  R 0.085 | 143.5 min
  Epoch  23/30 | train loss 0.2258  F1_3D 0.485 | val loss 0.8972  F1_3D 0.143  P 0.184  R 0.117 | 144.1 min
  Epoch  24/30 | train loss 0.2244  F1_3D 0.486 | val loss 0.8011  F1_3D 0.173  P 0.182  R 0.164 | 144.8 min
  Epoch  25/30 | train loss 0.2232  F1_3D 0.489 | val loss 0.7931  F1_3D 0.175  P 0.169  R 0.182 | 145.4 min
  Epoch  26/30 | train loss 0.2221  F1_3D 0.491 | val loss 0.8685  F1_3D 0.154  P 0.182  R 0.133 | 146.0 min
  Epoch  27/30 | train loss 0.2210  F1_3D 0.493 | val loss 0.8674  F1_3D 0.158  P 0.172  R 0.146 | 146.6 min
  Epoch  28/30 | train loss 0.2199  F1_3D 0.496 | val loss 0.8717  F1_3D 0.155  P 0.197  R 0.128 | 147.3 min
  Epoch  29/30 | train loss 0.2195  F1_3D 0.496 | val loss 0.8558  F1_3D 0.165  P 0.193  R 0.144 | 147.9 min
  Epoch  30/30 | train loss 0.2196  F1_3D 0.497 | val loss 0.8527  F1_3D 0.163  P 0.189  R 0.144 | 148.5 min
──────────────────────────────────────────────────────────────────────────────────────────
Best val F1_3D: 0.221  →  saved results_v2_atlanta2/ascan_classifier/ascan_cnn_depth_bp.pt
Saved: results_v2_atlanta2/ascan_classifier/training_curves_depth_bp.png
Model loaded: epoch 8

── atlanta2 (train/val/no-void) ──
sample   split   F1_3D   F1_2D  F1_STL   P_3D   R_3D
     1   TRAIN   0.665   0.734   0.756  0.766  0.587
     2   TRAIN   0.007   0.122   0.042  0.004  0.101
     3   TRAIN   0.261   0.375   0.144  0.152  0.942
     4   TRAIN   0.542   0.600   0.503  0.568  0.518
     5   TRAIN   0.004   0.569   0.206  0.003  0.009
     6   TRAIN   0.009   0.044   0.042  0.005  0.041
     7   TRAIN   0.046   0.379   0.123  0.026  0.224
     8   TRAIN   0.295   0.642   0.163  0.229  0.413
     9   TRAIN   0.364   0.757   0.617  0.269  0.566
    10   TRAIN   0.000   0.000   0.488  0.000  0.000
    12   TRAIN   0.343   0.640   0.378  0.225  0.713
    15   TRAIN   0.072   0.542   0.284  0.059  0.093
    11     VAL   0.181   0.545   0.434  0.123  0.341
    13     VAL   0.269   0.624   0.306  0.173  0.606
    14  NOVOID   0.000   0.000   0.000  0.000  0.000

── aggregate ──
        TRAIN  F1_3D=0.217  F1_2D=0.450  F1_STL=0.312  (n=12)
          VAL  F1_3D=0.225  F1_2D=0.584  F1_STL=0.370  (n=2)

Saved: results_v2_atlanta2/ascan_classifier/summary_depth_bp.json

===== A/B DONE — summaries =====
baseline: results_v2_atlanta2/ascan_classifier/summary_depth_nofilt.json
bandpass: results_v2_atlanta2/ascan_classifier/summary_depth_bp.json
