Loading atlanta2 tprj…
  ✓ 1: (2050, 151, 151)
  ✓ 10: (2050, 151, 151)
  ✓ 11: (2050, 151, 151)
  ✓ 12: (2050, 151, 151)
  ✓ 13: (2050, 151, 151)
  ✓ 14: (2050, 151, 151)
  ✓ 15: (2050, 151, 151)
  ✓ 2: (2050, 151, 151)
  ✓ 3: (2050, 151, 151)
  ✓ 4: (2050, 151, 151)
  ✓ 5: (2050, 151, 151)
  ✓ 7: (2050, 151, 151)
  ✓ 8: (2050, 151, 151)
  ✓ 9: (2050, 151, 151)
  ✓ sample 6: (2050, 151, 152)  dy=0.200 dx=0.200 mm
  ✓ 1  ascans=(10000, 2050)  void_pix_2d=4684  void_voxels_3d=37982  in 7.4s
  ✓ 10  ascans=(10000, 2050)  void_pix_2d=0  void_voxels_3d=0  in 7.2s
  ✓ 11  ascans=(10000, 2050)  void_pix_2d=4012  void_voxels_3d=19297  in 7.3s
  ✓ 12  ascans=(10000, 2050)  void_pix_2d=4087  void_voxels_3d=16560  in 7.1s
  ✓ 13  ascans=(10000, 2050)  void_pix_2d=3439  void_voxels_3d=13123  in 7.3s
  ✓ 14  ascans=(10000, 2050)  void_pix_2d=0  void_voxels_3d=0  in 7.1s
  ✓ 15  ascans=(10000, 2050)  void_pix_2d=2533  void_voxels_3d=19422  in 7.2s
  ✓ 2  ascans=(10000, 2050)  void_pix_2d=551  void_voxels_3d=914  in 7.2s
  ✓ 3  ascans=(10000, 2050)  void_pix_2d=882  void_voxels_3d=4765  in 7.1s
  ✓ 4  ascans=(10000, 2050)  void_pix_2d=4728  void_voxels_3d=34073  in 7.3s
  ✓ 5  ascans=(10000, 2050)  void_pix_2d=4211  void_voxels_3d=9808  in 7.2s
  ✓ 7  ascans=(10000, 2050)  void_pix_2d=938  void_voxels_3d=3437  in 7.2s
  ✓ 8  ascans=(10000, 2050)  void_pix_2d=3564  void_voxels_3d=18963  in 7.2s
  ✓ 9  ascans=(10000, 2050)  void_pix_2d=4005  void_voxels_3d=20612  in 7.2s
  ✓ 6  ascans=(10000, 2050)  void_pix_2d=1097  void_voxels_3d=2582  in 7.2s

Cache written to ascan_cache_atlanta2_bp/

Train: 120000 A-scans  (31280 XY void = 26.1%, 169118 void voxels = 2.8%)
Val  : 20000 A-scans across ['11', '13']
Model: AScanCNN (depth-aware), 108,082 params, device=mps
──────────────────────────────────────────────────────────────────────────────────────────
  Epoch   1/30 | train loss 0.3627  F1_3D 0.356 | val loss 0.6074  F1_3D 0.009  P 0.233  R 0.004 | 0.6 min
  Epoch   2/30 | train loss 0.2807  F1_3D 0.440 | val loss 0.4823  F1_3D 0.346  P 0.366  R 0.328 | 1.2 min
  Epoch   3/30 | train loss 0.2562  F1_3D 0.468 | val loss 0.6503  F1_3D 0.124  P 0.560  R 0.069 | 1.8 min
  Epoch   4/30 | train loss 0.2409  F1_3D 0.487 | val loss 0.3935  F1_3D 0.368  P 0.271  R 0.575 | 2.4 min
  Epoch   5/30 | train loss 0.2304  F1_3D 0.501 | val loss 0.5228  F1_3D 0.254  P 0.152  R 0.765 | 3.2 min
  Epoch   6/30 | train loss 0.2215  F1_3D 0.510 | val loss 1.0620  F1_3D 0.169  P 0.093  R 0.913 | 3.8 min
  Epoch   7/30 | train loss 0.2138  F1_3D 0.522 | val loss 0.5368  F1_3D 0.239  P 0.177  R 0.371 | 4.4 min
  Epoch   8/30 | train loss 0.2059  F1_3D 0.533 | val loss 1.7749  F1_3D 0.093  P 0.050  R 0.640 | 5.0 min
  Epoch   9/30 | train loss 0.2018  F1_3D 0.537 | val loss 0.6087  F1_3D 0.236  P 0.241  R 0.232 | 5.6 min
  Epoch  10/30 | train loss 0.1966  F1_3D 0.544 | val loss 0.4957  F1_3D 0.315  P 0.244  R 0.444 | 6.2 min
  Epoch  11/30 | train loss 0.1928  F1_3D 0.548 | val loss 1.1930  F1_3D 0.037  P 0.042  R 0.033 | 6.8 min
  Epoch  12/30 | train loss 0.1890  F1_3D 0.554 | val loss 0.5178  F1_3D 0.283  P 0.174  R 0.748 | 7.4 min
  Epoch  13/30 | train loss 0.1859  F1_3D 0.559 | val loss 0.6980  F1_3D 0.186  P 0.105  R 0.828 | 8.0 min
  Epoch  14/30 | train loss 0.1824  F1_3D 0.564 | val loss 0.6092  F1_3D 0.212  P 0.138  R 0.456 | 8.6 min
  Epoch  15/30 | train loss 0.1796  F1_3D 0.568 | val loss 0.4889  F1_3D 0.308  P 0.199  R 0.687 | 9.2 min
  Epoch  16/30 | train loss 0.1765  F1_3D 0.573 | val loss 0.6907  F1_3D 0.255  P 0.263  R 0.247 | 28.6 min
  Epoch  17/30 | train loss 0.1746  F1_3D 0.575 | val loss 0.6265  F1_3D 0.297  P 0.290  R 0.305 | 29.2 min
  Epoch  18/30 | train loss 0.1719  F1_3D 0.580 | val loss 0.5710  F1_3D 0.229  P 0.138  R 0.674 | 31.8 min
  Epoch  19/30 | train loss 0.1699  F1_3D 0.583 | val loss 0.8833  F1_3D 0.154  P 0.224  R 0.117 | 32.4 min
  Epoch  20/30 | train loss 0.1678  F1_3D 0.586 | val loss 0.6645  F1_3D 0.297  P 0.254  R 0.358 | 33.0 min
  Epoch  21/30 | train loss 0.1654  F1_3D 0.590 | val loss 0.6102  F1_3D 0.246  P 0.145  R 0.812 | 33.6 min
  Epoch  22/30 | train loss 0.1631  F1_3D 0.595 | val loss 0.9091  F1_3D 0.277  P 0.440  R 0.202 | 34.2 min
  Epoch  23/30 | train loss 0.1618  F1_3D 0.596 | val loss 0.6765  F1_3D 0.290  P 0.275  R 0.306 | 34.8 min
  Epoch  24/30 | train loss 0.1604  F1_3D 0.598 | val loss 0.6551  F1_3D 0.294  P 0.255  R 0.346 | 35.4 min
  Epoch  25/30 | train loss 0.1595  F1_3D 0.601 | val loss 0.5419  F1_3D 0.311  P 0.220  R 0.533 | 37.4 min
  Epoch  26/30 | train loss 0.1588  F1_3D 0.602 | val loss 0.5739  F1_3D 0.309  P 0.232  R 0.461 | 38.0 min
  Epoch  27/30 | train loss 0.1579  F1_3D 0.604 | val loss 0.7264  F1_3D 0.251  P 0.236  R 0.268 | 38.7 min
  Epoch  28/30 | train loss 0.1573  F1_3D 0.604 | val loss 0.5964  F1_3D 0.280  P 0.206  R 0.437 | 39.3 min
  Epoch  29/30 | train loss 0.1567  F1_3D 0.605 | val loss 0.6808  F1_3D 0.258  P 0.215  R 0.323 | 39.9 min
  Epoch  30/30 | train loss 0.1568  F1_3D 0.605 | val loss 0.6200  F1_3D 0.288  P 0.227  R 0.394 | 40.5 min
──────────────────────────────────────────────────────────────────────────────────────────
Best val F1_3D: 0.368  →  saved results_v2_atlanta2/ascan_classifier/ascan_cnn_depth_bp.pt
Saved: results_v2_atlanta2/ascan_classifier/training_curves_depth_bp.png
Model loaded: epoch 4

── atlanta2 (train/val/no-void) ──
sample   split   F1_3D   F1_2D  F1_STL   P_3D   R_3D
     1   TRAIN   0.631   0.890   0.787  0.470  0.957
     2   TRAIN   0.035   0.222   0.074  0.019  0.219
     3   TRAIN   0.352   0.510   0.106  0.218  0.911
     4   TRAIN   0.577   0.849   0.560  0.451  0.803
     5   TRAIN   0.153   0.480   0.207  0.133  0.181
     6   TRAIN   0.028   0.062   0.084  0.030  0.026
     7   TRAIN   0.307   0.607   0.314  0.222  0.496
     8   TRAIN   0.487   0.793   0.186  0.347  0.819
     9   TRAIN   0.498   0.799   0.693  0.347  0.883
    10   TRAIN   0.000   0.000   0.284  0.000  0.000
    12   TRAIN   0.359   0.645   0.409  0.244  0.680
    15   TRAIN   0.513   0.844   0.106  0.371  0.831
    11     VAL   0.356   0.587   0.382  0.268  0.529
    13     VAL   0.385   0.813   0.440  0.275  0.642
    14  NOVOID   0.000   0.000   0.000  0.000  0.000

── aggregate ──
        TRAIN  F1_3D=0.328  F1_2D=0.558  F1_STL=0.317  (n=12)
          VAL  F1_3D=0.370  F1_2D=0.700  F1_STL=0.411  (n=2)

Saved: results_v2_atlanta2/ascan_classifier/summary_depth_bp.json
