===== 1/4  Export filtered 50-slice slices (0.1-2.5 THz) =====

=== export_slices — dataset: atlanta2 ===
    tprj:  3D_print_esther_atlanta2.tprj
    rois:  sample_rois_atlanta2.json
    out:   slices_v2_atlanta2_bp/

Loading volumes from tprj…
  ✓ 1: (2050, 151, 151)
  ✓ 10: (2050, 151, 151)
  ✓ 11: (2050, 151, 151)
  ✓ 12: (2050, 151, 151)
  ✓ 13: (2050, 151, 151)
  ✓ 14: (2050, 151, 151)
  ✓ 15: (2050, 151, 151)
  ✓ 2: (2050, 151, 151)
  ✓ 3: (2050, 151, 151)
  ✓ 4: (2050, 151, 151)
  ✓ 5: (2050, 151, 151)
  ✓ 7: (2050, 151, 151)
  ✓ 8: (2050, 151, 151)
  ✓ 9: (2050, 151, 151)
  ✓ sample 6: (2050, 151, 152)  dy=0.200 dx=0.200 mm

Exporting 50-slice ROI crops to slices_v2_atlanta2_bp/

  ✓  1  (50, 100, 100)  depth 0–4.27 mm
  ✓  10  (50, 100, 100)  depth 0–4.27 mm
  ✓  11  (50, 100, 100)  depth 0–4.27 mm
  ✓  12  (50, 100, 100)  depth 0–4.27 mm
  ✓  13  (50, 100, 100)  depth 0–4.27 mm
  ✓  14  (50, 100, 100)  depth 0–4.27 mm
  ✓  15  (50, 100, 100)  depth 0–4.27 mm
  ✓  2  (50, 100, 100)  depth 0–4.27 mm
  ✓  3  (50, 100, 100)  depth 0–4.27 mm
  ✓  4  (50, 100, 100)  depth 0–4.27 mm
  ✓  5  (50, 100, 100)  depth 0–4.27 mm
  ✓  7  (50, 100, 100)  depth 0–4.27 mm
  ✓  8  (50, 100, 100)  depth 0–4.27 mm
  ✓  9  (50, 100, 100)  depth 0–4.27 mm
  ✓  6  (50, 100, 100)  depth 0–4.27 mm

Done. 15 samples exported to slices_v2_atlanta2_bp/
Now run:  git add slices_v2/ && git commit -m 'add exported slices' && git push

===== 2/4  Train baseline (unfiltered) 50-slice U-Net =====

=== thz_slice_pipelinev2 — mode=train  dataset=atlanta2 ===
    tprj:    3D_print_esther_atlanta2.tprj
    rois:    sample_rois_atlanta2.json
    slices:  slices_v2_atlanta2/
    labels:  labels_v2_atlanta2/
    results: results_v2_atlanta2/

Loading pre-exported slices from slices_v2_atlanta2/
  ✓  1  (50, 100, 100)  depth 0–4.27 mm
  ✓  10  (50, 100, 100)  depth 0–4.27 mm
  ✓  11  (50, 100, 100)  depth 0–4.27 mm
  ✓  12  (50, 100, 100)  depth 0–4.27 mm
  ✓  13  (50, 100, 100)  depth 0–4.27 mm
  ✓  14  (50, 100, 100)  depth 0–4.27 mm
  ✓  15  (50, 100, 100)  depth 0–4.27 mm
  ✓  2  (50, 100, 100)  depth 0–4.27 mm
  ✓  3  (50, 100, 100)  depth 0–4.27 mm
  ✓  4  (50, 100, 100)  depth 0–4.27 mm
  ✓  5  (50, 100, 100)  depth 0–4.27 mm
  ✓  6  (50, 100, 100)  depth 0–4.27 mm
  ✓  7  (50, 100, 100)  depth 0–4.27 mm
  ✓  8  (50, 100, 100)  depth 0–4.27 mm
  ✓  9  (50, 100, 100)  depth 0–4.27 mm
  1: 16/50 slices labeled
  10: no labeled slices, skipping
  11: 15/50 slices labeled
  12: 14/50 slices labeled
  13: 17/50 slices labeled
  14: no-void sample — included as 50 negative slices
  15: 15/50 slices labeled
  2: 4/50 slices labeled
  3: 7/50 slices labeled
  4: 31/50 slices labeled
  5: 11/50 slices labeled
  6: 6/50 slices labeled
  7: 8/50 slices labeled
  8: 17/50 slices labeled
  9: 15/50 slices labeled

Total: 176 void slices, 524 empty slices
  Dataset: 700 slice-mask pairs (5 channels each, 100×100 px)

Training: 700 pairs, 300 epochs, 1,928,993 params, device=mps
────────────────────────────────────────────────────────────
  Epoch    1 | Loss 0.6407 | Dice 0.5097 | IoU 0.4805
  Epoch   25 | Loss 0.1454 | Dice 0.8437 | IoU 0.8137
  Epoch   50 | Loss 0.1256 | Dice 0.8607 | IoU 0.8301
  Epoch   75 | Loss 0.1166 | Dice 0.8824 | IoU 0.8526
  Epoch  100 | Loss 0.0974 | Dice 0.8941 | IoU 0.8648
  Epoch  125 | Loss 0.0929 | Dice 0.8957 | IoU 0.8649
  Epoch  150 | Loss 0.1098 | Dice 0.8873 | IoU 0.8600
  Epoch  175 | Loss 0.0839 | Dice 0.9094 | IoU 0.8815
  Epoch  200 | Loss 0.0669 | Dice 0.9297 | IoU 0.9015
  Epoch  225 | Loss 0.0690 | Dice 0.9259 | IoU 0.8979
  Epoch  250 | Loss 0.0589 | Dice 0.9356 | IoU 0.9087
  Epoch  275 | Loss 0.0556 | Dice 0.9410 | IoU 0.9152
  Epoch  300 | Loss 0.0580 | Dice 0.9382 | IoU 0.9133
Model saved: results_v2_atlanta2/unet_50_nofilt.pt
Results saved to results_v2_atlanta2/

============================================================
Final — Loss 0.0580 | Dice 0.9382 | IoU 0.9133

===== 3/4  Train band-pass 50-slice U-Net =====

=== thz_slice_pipelinev2 — mode=train  dataset=atlanta2 ===
    tprj:    3D_print_esther_atlanta2.tprj
    rois:    sample_rois_atlanta2.json
    slices:  slices_v2_atlanta2_bp/
    labels:  labels_v2_atlanta2/
    results: results_v2_atlanta2/

Loading pre-exported slices from slices_v2_atlanta2_bp/
  ✓  1  (50, 100, 100)  depth 0–4.27 mm
  ✓  10  (50, 100, 100)  depth 0–4.27 mm
  ✓  11  (50, 100, 100)  depth 0–4.27 mm
  ✓  12  (50, 100, 100)  depth 0–4.27 mm
  ✓  13  (50, 100, 100)  depth 0–4.27 mm
  ✓  14  (50, 100, 100)  depth 0–4.27 mm
  ✓  15  (50, 100, 100)  depth 0–4.27 mm
  ✓  2  (50, 100, 100)  depth 0–4.27 mm
  ✓  3  (50, 100, 100)  depth 0–4.27 mm
  ✓  4  (50, 100, 100)  depth 0–4.27 mm
  ✓  5  (50, 100, 100)  depth 0–4.27 mm
  ✓  6  (50, 100, 100)  depth 0–4.27 mm
  ✓  7  (50, 100, 100)  depth 0–4.27 mm
  ✓  8  (50, 100, 100)  depth 0–4.27 mm
  ✓  9  (50, 100, 100)  depth 0–4.27 mm
  1: 16/50 slices labeled
  10: no labeled slices, skipping
  11: 15/50 slices labeled
  12: 14/50 slices labeled
  13: 17/50 slices labeled
  14: no-void sample — included as 50 negative slices
  15: 15/50 slices labeled
  2: 4/50 slices labeled
  3: 7/50 slices labeled
  4: 31/50 slices labeled
  5: 11/50 slices labeled
  6: 6/50 slices labeled
  7: 8/50 slices labeled
  8: 17/50 slices labeled
  9: 15/50 slices labeled

Total: 176 void slices, 524 empty slices
  Dataset: 700 slice-mask pairs (5 channels each, 100×100 px)

Training: 700 pairs, 300 epochs, 1,928,993 params, device=mps
────────────────────────────────────────────────────────────
  Epoch    1 | Loss 0.6638 | Dice 0.5005 | IoU 0.4737
  Epoch   25 | Loss 0.2064 | Dice 0.7931 | IoU 0.7674
  Epoch   50 | Loss 0.2139 | Dice 0.7601 | IoU 0.7347
  Epoch   75 | Loss 0.1969 | Dice 0.7908 | IoU 0.7633
  Epoch  100 | Loss 0.1807 | Dice 0.8000 | IoU 0.7722
  Epoch  125 | Loss 0.1726 | Dice 0.8054 | IoU 0.7775
  Epoch  150 | Loss 0.1480 | Dice 0.8425 | IoU 0.8152
  Epoch  175 | Loss 0.1322 | Dice 0.8559 | IoU 0.8258
  Epoch  200 | Loss 0.1230 | Dice 0.8635 | IoU 0.8334
  Epoch  225 | Loss 0.1114 | Dice 0.8715 | IoU 0.8403
  Epoch  250 | Loss 0.0979 | Dice 0.8885 | IoU 0.8571
  Epoch  275 | Loss 0.0938 | Dice 0.8918 | IoU 0.8604
  Epoch  300 | Loss 0.0947 | Dice 0.8963 | IoU 0.8656
Model saved: results_v2_atlanta2/unet_50_bp.pt
Results saved to results_v2_atlanta2/

============================================================
Final — Loss 0.0947 | Dice 0.8963 | IoU 0.8656

===== 4/4  Build both viewers =====
Viewer config: atlanta2_50_nofilt  (stride=1)
  slices:    slices_v2_atlanta2/
  manual GT: labels_v2_atlanta2/
  model:     results_v2_atlanta2/unet_50_nofilt.pt
  offsets:   [-2, -1, 0, 1, 2]
  out HTML:  results_v2_atlanta2/viewer_50_nofilt.html

  model loaded from results_v2_atlanta2/unet_50_nofilt.pt

  15 samples: ['1', '2', '3', '4', '5', '6', '7', '8', '9', '10', '11', '12', '13', '14', '15']

  processing sample 1  (50 of 50 slices)…
  processing sample 2  (50 of 50 slices)…
  processing sample 3  (50 of 50 slices)…
  processing sample 4  (50 of 50 slices)…
  processing sample 5  (50 of 50 slices)…
  processing sample 6  (50 of 50 slices)…
  processing sample 7  (50 of 50 slices)…
  processing sample 8  (50 of 50 slices)…
  processing sample 9  (50 of 50 slices)…
  processing sample 10  (50 of 50 slices)…
  processing sample 11  (50 of 50 slices)…
  processing sample 12  (50 of 50 slices)…
  processing sample 13  (50 of 50 slices)…
  processing sample 14  (50 of 50 slices)…
  processing sample 15  (50 of 50 slices)…

  done — results_v2_atlanta2/viewer_50_nofilt.html
  43.7 MB  ·  750 embedded slices across 15 samples
Viewer config: atlanta2_bp  (stride=1)
  slices:    slices_v2_atlanta2_bp/
  manual GT: labels_v2_atlanta2/
  model:     results_v2_atlanta2/unet_50_bp.pt
  offsets:   [-2, -1, 0, 1, 2]
  out HTML:  results_v2_atlanta2/viewer_50_bp.html

  model loaded from results_v2_atlanta2/unet_50_bp.pt

  15 samples: ['1', '2', '3', '4', '5', '6', '7', '8', '9', '10', '11', '12', '13', '14', '15']

  processing sample 1  (50 of 50 slices)…
  processing sample 2  (50 of 50 slices)…
  processing sample 3  (50 of 50 slices)…
  processing sample 4  (50 of 50 slices)…
  processing sample 5  (50 of 50 slices)…
  processing sample 6  (50 of 50 slices)…
  processing sample 7  (50 of 50 slices)…
  processing sample 8  (50 of 50 slices)…
  processing sample 9  (50 of 50 slices)…
  processing sample 10  (50 of 50 slices)…
  processing sample 11  (50 of 50 slices)…
  processing sample 12  (50 of 50 slices)…
  processing sample 13  (50 of 50 slices)…
  processing sample 14  (50 of 50 slices)…
  processing sample 15  (50 of 50 slices)…

  done — results_v2_atlanta2/viewer_50_bp.html
  40.7 MB  ·  750 embedded slices across 15 samples

DONE.
  baseline viewer: results_v2_atlanta2/viewer_50_nofilt.html
  band-pass viewer: results_v2_atlanta2/viewer_50_bp.html
